// Jest Snapshot v1, https://goo.gl/fbAQLP

exports[`should render HomePage correctly 1`] = `
<div
  className="box-layout"
>
  <div
    className="text-homepage-header"
  >
    <div
      className="header-welcome-container"
    >
      <img
        className="image-homepage-header"
        src="/images/fork.png"
      />
      <h1>
        Welcome
      </h1>
      <img
        className="image-homepage-header"
        src="/images/spoon.png"
      />
    </div>
    <p>
      Take a look around!
    </p>
  </div>
  <div
    className="slide-container"
  >
    <e>
      <div
        className="each-fade"
      >
        <h2
          className="slide-text"
        >
          Pancit
        </h2>
        <div
          className="image-container"
        >
          <img
            className="slide-style"
            src="/images/Food_item_1.jpg"
          />
        </div>
      </div>
      <div
        className="each-fade"
      >
        <h2
          className="slide-text"
        >
          Sinigang
        </h2>
        <div
          className="image-container"
        >
          <img
            className="slide-style"
            src="/images/Food_item_2.jpg"
          />
        </div>
      </div>
      <div
        className="each-fade"
      >
        <h2
          className="slide-text"
        >
          Adobo
        </h2>
        <div
          className="image-container"
        >
          <img
            className="slide-style"
            src="/images/Food_item_3.jpg"
          />
        </div>
      </div>
      <div
        className="each-fade"
      >
        <h2
          className="slide-text"
        >
          Special Chicken!
        </h2>
        <div
          className="image-container"
        >
          <img
            className="slide-style"
            src="/images/Food_item_4.jpg"
          />
        </div>
      </div>
      <div
        className="each-fade"
      >
        <h2
          className="slide-text"
        >
          Halo Halo!
        </h2>
        <div
          className="image-container"
        >
          <img
            className="slide-style"
            src="/images/Food_item_5.jpg"
          />
        </div>
      </div>
      <div
        className="each-fade"
      >
        <h2
          className="slide-text"
        >
          Yummy Spag
        </h2>
        <div
          className="image-container"
        >
          <img
            className="slide-style"
            src="/images/Food_item_6.jpg"
          />
        </div>
      </div>
      <div
        className="each-fade"
      >
        <h2
          className="slide-text"
        >
          Pizza Bianca
        </h2>
        <div
          className="image-container"
        >
          <img
            className="slide-style"
            src="/images/Food_item_7.jpg"
          />
        </div>
      </div>
      <div
        className="each-fade"
      >
        <h2
          className="slide-text"
        >
          Lasagna
        </h2>
        <div
          className="image-container"
        >
          <img
            className="slide-style"
            src="/images/Food_item_8.jpg"
          />
        </div>
      </div>
      <div
        className="each-fade"
      >
        <h2
          className="slide-text"
        >
          Buffet!
        </h2>
        <div
          className="image-container"
        >
          <img
            className="slide-style"
            src="/images/Food_item_9.jpg"
          />
        </div>
      </div>
    </e>
  </div>
</div>
`;
